==============================================================================
ABIDE connectome study: quantum-adaptive graph vs classical baselines
==============================================================================
1035 subjects | 505 ASD / 530 control | 20 sites
nodes=200  features=4  T range=78-316  mean explained variance=41.8%

encoding 1035 subjects x 200 regions (4 qubits, 12 circuit parameters, backend=torch)
  encoded 50/1035 subjects
  encoded 100/1035 subjects
  encoded 150/1035 subjects
  encoded 200/1035 subjects
  encoded 250/1035 subjects
  encoded 300/1035 subjects
  encoded 350/1035 subjects
  encoded 400/1035 subjects
  encoded 450/1035 subjects
  encoded 500/1035 subjects
  encoded 550/1035 subjects
  encoded 600/1035 subjects
  encoded 650/1035 subjects
  encoded 700/1035 subjects
  encoded 750/1035 subjects
  encoded 800/1035 subjects
  encoded 850/1035 subjects
  encoded 900/1035 subjects
  encoded 950/1035 subjects
  encoded 1000/1035 subjects
  encoded 1035/1035 subjects
encoding took 1.5s
cached -> results/20260815-115501Z_sweep/q04_mixed/encoded.pt
quantum graph: 200 nodes, avg degree 20.0, topology=mixed

------------------------------------------------------------------------------
classical baselines
------------------------------------------------------------------------------
correlation feature vectors: (1035, 19900)

SVM (linear) on flattened correlation matrices:
  CALTECH      n=37   f1=0.622 acc=0.541
  CMU          n=27   f1=0.696 acc=0.741
  KKI          n=48   f1=0.681 acc=0.688
  LEUVEN_1     n=29   f1=0.571 acc=0.690
  LEUVEN_2     n=34   f1=0.593 acc=0.676
  MAX_MUN      n=52   f1=0.542 acc=0.577
  NYU          n=175  f1=0.713 acc=0.743
  OHSU         n=26   f1=0.696 acc=0.731
  OLIN         n=34   f1=0.703 acc=0.676
  PITT         n=56   f1=0.704 acc=0.714
  SBL          n=30   f1=0.444 acc=0.500
  SDSU         n=36   f1=0.538 acc=0.667
  STANFORD     n=39   f1=0.744 acc=0.718
  TRINITY      n=47   f1=0.566 acc=0.511
  UCLA_1       n=72   f1=0.648 acc=0.653
  UCLA_2       n=26   f1=0.815 acc=0.808
  UM_1         n=106  f1=0.661 acc=0.651
  UM_2         n=34   f1=0.690 acc=0.735
  USM          n=71   f1=0.776 acc=0.732
  YALE         n=56   f1=0.667 acc=0.661

SVM (rbf) on flattened correlation matrices:
  CALTECH      n=37   f1=0.564 acc=0.541
  CMU          n=27   f1=0.545 acc=0.630
  KKI          n=48   f1=0.642 acc=0.604
  LEUVEN_1     n=29   f1=0.333 acc=0.586
  LEUVEN_2     n=34   f1=0.583 acc=0.706
  MAX_MUN      n=52   f1=0.566 acc=0.558
  NYU          n=175  f1=0.658 acc=0.714
  OHSU         n=26   f1=0.516 acc=0.423
  OLIN         n=34   f1=0.647 acc=0.647
  PITT         n=56   f1=0.627 acc=0.661
  SBL          n=30   f1=0.429 acc=0.467
  SDSU         n=36   f1=0.500 acc=0.611
  STANFORD     n=39   f1=0.706 acc=0.615
  TRINITY      n=47   f1=0.704 acc=0.660
  UCLA_1       n=72   f1=0.720 acc=0.708
  UCLA_2       n=26   f1=0.774 acc=0.731
  UM_1         n=106  f1=0.734 acc=0.679
  UM_2         n=34   f1=0.774 acc=0.794
  USM          n=71   f1=0.786 acc=0.746
  YALE         n=56   f1=0.741 acc=0.750

GCN + Pearson:
  CALTECH      n=37   f1=0.000 acc=0.486
  CMU          n=27   f1=0.000 acc=0.481
  KKI          n=48   f1=0.000 acc=0.583
  LEUVEN_1     n=29   f1=0.000 acc=0.517
  LEUVEN_2     n=34   f1=0.000 acc=0.559
  MAX_MUN      n=52   f1=0.000 acc=0.538
  NYU          n=175  f1=0.000 acc=0.571
  OHSU         n=26   f1=0.632 acc=0.462
  OLIN         n=34   f1=0.717 acc=0.559
  PITT         n=56   f1=0.000 acc=0.482
  SBL          n=30   f1=0.667 acc=0.500
  SDSU         n=36   f1=0.000 acc=0.611
  STANFORD     n=39   f1=0.000 acc=0.513
  TRINITY      n=47   f1=0.638 acc=0.468
  UCLA_1       n=72   f1=0.000 acc=0.431
  UCLA_2       n=26   f1=0.000 acc=0.500
  UM_1         n=106  f1=0.000 acc=0.500
  UM_2         n=34   f1=0.000 acc=0.618
  USM          n=71   f1=0.000 acc=0.352
  YALE         n=56   f1=0.000 acc=0.500

GCN + RBF:
  CALTECH      n=37   f1=0.000 acc=0.486
  CMU          n=27   f1=0.000 acc=0.481
  KKI          n=48   f1=0.000 acc=0.583
  LEUVEN_1     n=29   f1=0.000 acc=0.517
  LEUVEN_2     n=34   f1=0.000 acc=0.559
  MAX_MUN      n=52   f1=0.000 acc=0.538
  NYU          n=175  f1=0.000 acc=0.571
  OHSU         n=26   f1=0.632 acc=0.462
  OLIN         n=34   f1=0.717 acc=0.559
  PITT         n=56   f1=0.000 acc=0.482
  SBL          n=30   f1=0.667 acc=0.500
  SDSU         n=36   f1=0.000 acc=0.611
  STANFORD     n=39   f1=0.000 acc=0.513
  TRINITY      n=47   f1=0.638 acc=0.468
  UCLA_1       n=72   f1=0.000 acc=0.431
  UCLA_2       n=26   f1=0.000 acc=0.500
  UM_1         n=106  f1=0.000 acc=0.500
  UM_2         n=34   f1=0.000 acc=0.618
  USM          n=71   f1=0.000 acc=0.352
  YALE         n=56   f1=0.000 acc=0.500

------------------------------------------------------------------------------
proposed: quantum fidelity topology + adaptive edges + GAT
------------------------------------------------------------------------------
  CALTECH      n=37   f1=0.000 acc=0.486 spec=1.000
  CMU          n=27   f1=0.000 acc=0.481 spec=1.000
  KKI          n=48   f1=0.000 acc=0.583 spec=1.000
  LEUVEN_1     n=29   f1=0.000 acc=0.517 spec=1.000
  LEUVEN_2     n=34   f1=0.000 acc=0.559 spec=1.000
  MAX_MUN      n=52   f1=0.000 acc=0.538 spec=1.000
  NYU          n=175  f1=0.000 acc=0.571 spec=1.000
  OHSU         n=26   f1=0.632 acc=0.462 spec=0.000
  OLIN         n=34   f1=0.717 acc=0.559 spec=0.000
  PITT         n=56   f1=0.000 acc=0.482 spec=1.000
  SBL          n=30   f1=0.667 acc=0.500 spec=0.000
  SDSU         n=36   f1=0.000 acc=0.611 spec=1.000
  STANFORD     n=39   f1=0.000 acc=0.513 spec=1.000
  TRINITY      n=47   f1=0.638 acc=0.468 spec=0.000
  UCLA_1       n=72   f1=0.000 acc=0.431 spec=1.000
  UCLA_2       n=26   f1=0.000 acc=0.500 spec=1.000
  UM_1         n=106  f1=0.000 acc=0.500 spec=1.000
  UM_2         n=34   f1=0.000 acc=0.618 spec=1.000
  USM          n=71   f1=0.000 acc=0.352 spec=1.000
  YALE         n=56   f1=0.000 acc=0.500 spec=1.000

ablation: quantum topology + GCN (isolates the attention mechanism)

==============================================================================
LEAVE-SITE-OUT RESULTS (mean +- 95% CI across site folds)
==============================================================================
model                                     F1        accuracy     specificity
----------------------------------------------------------------------------
SVM (linear)                     0.653+-0.039     0.671+-0.036     0.689+-0.067
SVM (rbf)                        0.627+-0.054     0.642+-0.042     0.634+-0.088
GCN + Pearson                    0.133+-0.119     0.512+-0.027     0.800+-0.180
GCN + RBF                        0.133+-0.119     0.512+-0.027     0.800+-0.180
Proposed (quantum + GAT)         0.133+-0.119     0.512+-0.027     0.800+-0.180
Ablation (quantum + GCN)         0.133+-0.119     0.512+-0.027     0.800+-0.180

over-smoothing diagnostic (MAD, higher = more distinct): 0.054

saved: results/20260815-115501Z_sweep/q04_mixed/abide_lso_results.json
