re-uploading study (Plan C) -> results/rerun22/planC_adhd
skipped 1 subjects: too_short=1
767 subjects | 280 ASD / 487 control | 9 sites
nodes=190  features=8  T range=72-257  mean explained variance=93.0%
quantum trainable parameters: Q-Plain=62  Q-Reup1=66  Q-Reup2=68

  KKI          n=83   Q-Plain=0.446  Q-Reup1=0.458  Q-Reup2=0.506  C-CNN=0.446  C-MLP=0.422  C-Linear=0.518
  NYU          n=216  Q-Plain=0.560  Q-Reup1=0.560  Q-Reup2=0.551  C-CNN=0.509  C-MLP=0.532  C-Linear=0.528
  NeuroIMAGE   n=48   Q-Plain=0.458  Q-Reup1=0.438  Q-Reup2=0.438  C-CNN=0.354  C-MLP=0.417  C-Linear=0.417
  OHSU         n=78   Q-Plain=0.513  Q-Reup1=0.513  Q-Reup2=0.487  C-CNN=0.474  C-MLP=0.538  C-Linear=0.513
  Peking_1     n=85   Q-Plain=0.565  Q-Reup1=0.541  Q-Reup2=0.529  C-CNN=0.518  C-MLP=0.541  C-Linear=0.612
  Peking_2     n=67   Q-Plain=0.567  Q-Reup1=0.612  Q-Reup2=0.597  C-CNN=0.552  C-MLP=0.522  C-Linear=0.552
  Peking_3     n=42   Q-Plain=0.548  Q-Reup1=0.571  Q-Reup2=0.548  C-CNN=0.524  C-MLP=0.619  C-Linear=0.619

======================================================================================
PLAN C — data re-uploading at 8 qubits, depths [1, 2]
======================================================================================
model           train       accuracy             F1            AUC      gap  sec/fold
-------------------------------------------------------------------------------------
Q-Plain         0.681    0.522+-0.038    0.436+-0.076    0.548+-0.047   +0.159       5.8
Q-Reup1         0.684    0.528+-0.046    0.438+-0.075    0.547+-0.054   +0.157       5.9
Q-Reup2         0.685    0.522+-0.038    0.420+-0.063    0.555+-0.049   +0.163       6.2
C-CNN           0.678    0.482+-0.049    0.393+-0.094    0.510+-0.049   +0.195       0.7
C-MLP           0.716    0.513+-0.053    0.418+-0.099    0.556+-0.055   +0.203       0.0
C-Linear        0.666    0.537+-0.051    0.421+-0.090    0.563+-0.054   +0.129       0.0

Q-Reup1 vs Q-Plain: median dAcc = +0.000, wins 3/7, p = 0.6250
Q-Reup2 vs Q-Plain: median dAcc = -0.009, wins 2/7, p = 1.0000
Q-Reup2 vs C-CNN: median dAcc = +0.042, wins 7/7, p = 0.0156
Q-Reup2 vs C-MLP: median dAcc = +0.019, wins 4/7, p = 0.5781
Q-Reup2 vs C-Linear: median dAcc = -0.012, wins 3/7, p = 0.5781

saved: results/rerun22/planC_adhd/reupload_results.json
