hybrid study (Plan A) -> results/rerun22/planA_ucla
226 subjects | 124 ASD / 102 control | 2 sites
nodes=190  features=8  T range=128-152  mean explained variance=97.2%
connectivity: (226, 17955)  ->  projection sees top-2000

  fold1        n=23   H-QCNN=0.652  H-VQC=0.348  H-MLP=0.652  H-CNN=0.652  H-Linear=0.609
  fold2        n=23   H-QCNN=0.565  H-VQC=0.304  H-MLP=0.478  H-CNN=0.609  H-Linear=0.522
  fold3        n=23   H-QCNN=0.522  H-VQC=0.739  H-MLP=0.478  H-CNN=0.478  H-Linear=0.652
  fold4        n=23   H-QCNN=0.522  H-VQC=0.565  H-MLP=0.391  H-CNN=0.522  H-Linear=0.522
  fold5        n=23   H-QCNN=0.565  H-VQC=0.696  H-MLP=0.565  H-CNN=0.522  H-Linear=0.522
  fold6        n=23   H-QCNN=0.652  H-VQC=0.609  H-MLP=0.652  H-CNN=0.609  H-Linear=0.652
  fold7        n=22   H-QCNN=0.773  H-VQC=0.318  H-MLP=0.682  H-CNN=0.636  H-Linear=0.773
  fold8        n=22   H-QCNN=0.500  H-VQC=0.409  H-MLP=0.545  H-CNN=0.591  H-Linear=0.500
  fold9        n=22   H-QCNN=0.682  H-VQC=0.591  H-MLP=0.636  H-CNN=0.727  H-Linear=0.727
  fold10       n=22   H-QCNN=0.273  H-VQC=0.364  H-MLP=0.455  H-CNN=0.364  H-Linear=0.273

==============================================================================
PLAN A — learned projection (2000 -> 8), shared by all arms
==============================================================================
model              accuracy             F1            AUC  sec/fold
-------------------------------------------------------------------
H-QCNN          0.571+-0.084    0.618+-0.077    0.621+-0.069       2.4
H-VQC           0.494+-0.101    0.499+-0.122    0.482+-0.100       1.3
H-MLP           0.554+-0.062    0.589+-0.069    0.619+-0.061       0.0
H-CNN           0.571+-0.064    0.635+-0.055    0.602+-0.064       0.3
H-Linear        0.575+-0.088    0.617+-0.086    0.622+-0.068       0.0

H-QCNN vs H-CNN: median dAcc = +0.000, wins 4/10, p = 0.6016
H-VQC vs H-MLP: median dAcc = -0.068, wins 3/10, p = 0.3750
H-QCNN vs H-Linear: median dAcc = +0.000, wins 3/10, p = 0.8125
H-VQC vs H-Linear: median dAcc = -0.067, wins 4/10, p = 0.2871

saved: results/rerun22/planA_ucla/hybrid_results.json
