re-uploading study (Plan C) -> results/rerun22/planC_ucla
226 subjects | 124 ASD / 102 control | 2 sites
nodes=190  features=8  T range=128-152  mean explained variance=97.2%
quantum trainable parameters: Q-Plain=62  Q-Reup1=66  Q-Reup2=68

  fold1        n=23   Q-Plain=0.739  Q-Reup1=0.696  Q-Reup2=0.696  C-CNN=0.565  C-MLP=0.652  C-Linear=0.696
  fold2        n=23   Q-Plain=0.609  Q-Reup1=0.565  Q-Reup2=0.565  C-CNN=0.522  C-MLP=0.435  C-Linear=0.565
  fold3        n=23   Q-Plain=0.522  Q-Reup1=0.565  Q-Reup2=0.522  C-CNN=0.478  C-MLP=0.696  C-Linear=0.565
  fold4        n=23   Q-Plain=0.522  Q-Reup1=0.522  Q-Reup2=0.478  C-CNN=0.435  C-MLP=0.478  C-Linear=0.609
  fold5        n=23   Q-Plain=0.565  Q-Reup1=0.435  Q-Reup2=0.435  C-CNN=0.522  C-MLP=0.609  C-Linear=0.435
  fold6        n=23   Q-Plain=0.522  Q-Reup1=0.522  Q-Reup2=0.522  C-CNN=0.565  C-MLP=0.696  C-Linear=0.696
  fold7        n=22   Q-Plain=0.636  Q-Reup1=0.545  Q-Reup2=0.545  C-CNN=0.545  C-MLP=0.591  C-Linear=0.591
  fold8        n=22   Q-Plain=0.636  Q-Reup1=0.591  Q-Reup2=0.636  C-CNN=0.500  C-MLP=0.545  C-Linear=0.636
  fold9        n=22   Q-Plain=0.591  Q-Reup1=0.500  Q-Reup2=0.500  C-CNN=0.500  C-MLP=0.591  C-Linear=0.591
  fold10       n=22   Q-Plain=0.409  Q-Reup1=0.455  Q-Reup2=0.455  C-CNN=0.364  C-MLP=0.545  C-Linear=0.545

======================================================================================
PLAN C — data re-uploading at 8 qubits, depths [1, 2]
======================================================================================
model           train       accuracy             F1            AUC      gap  sec/fold
-------------------------------------------------------------------------------------
Q-Plain         0.768    0.575+-0.055    0.601+-0.052    0.590+-0.057   +0.193       1.9
Q-Reup1         0.770    0.540+-0.046    0.565+-0.038    0.573+-0.052   +0.231       2.0
Q-Reup2         0.768    0.535+-0.050    0.563+-0.045    0.572+-0.049   +0.233       2.0
C-CNN           0.746    0.500+-0.039    0.527+-0.049    0.489+-0.048   +0.246       0.2
C-MLP           0.854    0.584+-0.053    0.623+-0.053    0.583+-0.053   +0.270       0.0
C-Linear        0.747    0.593+-0.047    0.627+-0.033    0.603+-0.058   +0.154       0.0

Q-Reup1 vs Q-Plain: median dAcc = -0.043, wins 2/10, p = 0.1094
Q-Reup2 vs Q-Plain: median dAcc = -0.043, wins 1/10, p = 0.0938
Q-Reup2 vs C-CNN: median dAcc = +0.043, wins 6/10, p = 0.1406
Q-Reup2 vs C-MLP: median dAcc = -0.068, wins 3/10, p = 0.2070
Q-Reup2 vs C-Linear: median dAcc = -0.044, wins 0/10, p = 0.0312

saved: results/rerun22/planC_ucla/reupload_results.json
