graph transformer study -> results/qgt/ucla
226 subjects | 124 ASD / 102 control | 2 sites
nodes=190  features=8  T range=128-152  mean explained variance=97.2%
graph: 190 nodes, k=4, 760 edges | 6 qubits per pair

  fold1        n=23   Q-Attention=0.478  C-Attention=0.565
  fold2        n=23   Q-Attention=0.478  C-Attention=0.478
  fold3        n=23   Q-Attention=0.522  C-Attention=0.435
  fold4        n=23   Q-Attention=0.435  C-Attention=0.522
  fold5        n=23   Q-Attention=0.348  C-Attention=0.304
  fold6        n=23   Q-Attention=0.565  C-Attention=0.565
  fold7        n=22   Q-Attention=0.455  C-Attention=0.455
  fold8        n=22   Q-Attention=0.273  C-Attention=0.318
  fold9        n=22   Q-Attention=0.500  C-Attention=0.455
  fold10       n=22   Q-Attention=0.455  C-Attention=0.364

========================================================================
EXPERIMENT 4 — quantum vs classical attention, 6 qubits per pair
========================================================================
model                accuracy             F1            AUC    s/fold
---------------------------------------------------------------------
Q-Attention       0.451+-0.053    0.332+-0.171    0.425+-0.074      18.8
C-Attention       0.446+-0.058    0.347+-0.193    0.378+-0.074       2.1

Q-Attention vs C-Attention: median dAcc = +0.000, wins 4/10, p = 0.7969

saved: results/qgt/ucla/qgt_results.json
