quantum kernel study -> results/20260815-120140Z_qkernel_sweep/q6_linear
1035 subjects | 505 ASD / 530 control | 20 sites
nodes=200  features=6  T range=78-316  mean explained variance=52.2%
subject descriptors: (1035, 19900)
  CALTECH      n=37   Q f1=0.389  RBF f1=0.000
  CMU          n=27   Q f1=0.286  RBF f1=0.000
  KKI          n=48   Q f1=0.409  RBF f1=0.000
  LEUVEN_1     n=29   Q f1=0.370  RBF f1=0.000
  LEUVEN_2     n=34   Q f1=0.387  RBF f1=0.000
  MAX_MUN      n=52   Q f1=0.356  RBF f1=0.000
  NYU          n=175  Q f1=0.465  RBF f1=0.000
  OHSU         n=26   Q f1=0.522  RBF f1=0.000
  OLIN         n=34   Q f1=0.514  RBF f1=0.000
  PITT         n=56   Q f1=0.372  RBF f1=0.000
  SBL          n=30   Q f1=0.483  RBF f1=0.000
  SDSU         n=36   Q f1=0.588  RBF f1=0.000
  STANFORD     n=39   Q f1=0.558  RBF f1=0.000
  TRINITY      n=47   Q f1=0.596  RBF f1=0.000
  UCLA_1       n=72   Q f1=0.613  RBF f1=0.000
  UCLA_2       n=26   Q f1=0.538  RBF f1=0.000
  UM_1         n=106  Q f1=0.630  RBF f1=0.000
  UM_2         n=34   Q f1=0.562  RBF f1=0.000
  USM          n=71   Q f1=0.493  RBF f1=0.000
  YALE         n=56   Q f1=0.588  RBF f1=0.000

==========================================================================
QUANTUM KERNEL vs CLASSICAL — 6 qubits / 6 PCA components
==========================================================================
model                                     F1      accuracy           AUC
------------------------------------------------------------------------
quantum kernel                   0.486+-0.044   0.516+-0.030   0.535+-0.034
classical RBF                    0.000+-0.000   0.511+-0.027   0.486+-0.041
classical linear                 0.553+-0.048   0.579+-0.033   0.653+-0.041
reference: RBF on full dim       0.627+-0.054   0.642+-0.042   0.733+-0.038

quantum vs classical RBF: median dF1 = +0.504, wins 20/20, Wilcoxon p = 0.0001

quantum vs classical linear: median dF1 = -0.081, wins 4/20, Wilcoxon p = 0.0121

saved: results/20260815-120140Z_qkernel_sweep/q6_linear/quantum_kernel_results.json
