quantum kernel study -> results/20260815-120140Z_qkernel_sweep/q8_linear
1035 subjects | 505 ASD / 530 control | 20 sites
nodes=200  features=8  T range=78-316  mean explained variance=59.9%
subject descriptors: (1035, 19900)
  CALTECH      n=37   Q f1=0.414  RBF f1=0.000
  CMU          n=27   Q f1=0.421  RBF f1=0.000
  KKI          n=48   Q f1=0.524  RBF f1=0.000
  LEUVEN_1     n=29   Q f1=0.480  RBF f1=0.000
  LEUVEN_2     n=34   Q f1=0.538  RBF f1=0.000
  MAX_MUN      n=52   Q f1=0.520  RBF f1=0.000
  NYU          n=175  Q f1=0.462  RBF f1=0.000
  OHSU         n=26   Q f1=0.435  RBF f1=0.000
  OLIN         n=34   Q f1=0.579  RBF f1=0.000
  PITT         n=56   Q f1=0.423  RBF f1=0.000
  SBL          n=30   Q f1=0.296  RBF f1=0.000
  SDSU         n=36   Q f1=0.667  RBF f1=0.000
  STANFORD     n=39   Q f1=0.683  RBF f1=0.000
  TRINITY      n=47   Q f1=0.341  RBF f1=0.000
  UCLA_1       n=72   Q f1=0.493  RBF f1=0.000
  UCLA_2       n=26   Q f1=0.500  RBF f1=0.000
  UM_1         n=106  Q f1=0.603  RBF f1=0.000
  UM_2         n=34   Q f1=0.444  RBF f1=0.000
  USM          n=71   Q f1=0.600  RBF f1=0.000
  YALE         n=56   Q f1=0.593  RBF f1=0.000

==========================================================================
QUANTUM KERNEL vs CLASSICAL — 8 qubits / 8 PCA components
==========================================================================
model                                     F1      accuracy           AUC
------------------------------------------------------------------------
quantum kernel                   0.501+-0.044   0.542+-0.035   0.555+-0.043
classical RBF                    0.000+-0.000   0.513+-0.027   0.493+-0.027
classical linear                 0.516+-0.068   0.569+-0.037   0.652+-0.046
reference: RBF on full dim       0.627+-0.054   0.642+-0.042   0.733+-0.038

quantum vs classical RBF: median dF1 = +0.497, wins 20/20, Wilcoxon p = 0.0000

quantum vs classical linear: median dF1 = -0.037, wins 8/20, Wilcoxon p = 0.5459

saved: results/20260815-120140Z_qkernel_sweep/q8_linear/quantum_kernel_results.json
