==============================================================================
ABIDE connectome study: quantum-adaptive graph vs classical baselines
==============================================================================
1035 subjects | 505 ASD / 530 control | 20 sites
nodes=200  features=16  T range=78-316  mean explained variance=77.7%

encoding 1035 subjects x 200 regions (16 qubits, 48 circuit parameters, backend=torch)
  encoded 50/1035 subjects
  encoded 100/1035 subjects
  encoded 150/1035 subjects
  encoded 200/1035 subjects
  encoded 250/1035 subjects
  encoded 300/1035 subjects
  encoded 350/1035 subjects
  encoded 400/1035 subjects
  encoded 450/1035 subjects
  encoded 500/1035 subjects
  encoded 550/1035 subjects
  encoded 600/1035 subjects
  encoded 650/1035 subjects
  encoded 700/1035 subjects
  encoded 750/1035 subjects
  encoded 800/1035 subjects
  encoded 850/1035 subjects
  encoded 900/1035 subjects
  encoded 950/1035 subjects
  encoded 1000/1035 subjects
  encoded 1035/1035 subjects
encoding took 666.9s
cached -> results/20260815-115501Z_sweep/q16_mixed/encoded.pt
quantum graph: 200 nodes, avg degree 20.0, topology=mixed

------------------------------------------------------------------------------
proposed: quantum fidelity topology + adaptive edges + GAT
------------------------------------------------------------------------------
  CALTECH      n=37   f1=0.000 acc=0.486 spec=1.000
  CMU          n=27   f1=0.000 acc=0.481 spec=1.000
  KKI          n=48   f1=0.000 acc=0.583 spec=1.000
  LEUVEN_1     n=29   f1=0.000 acc=0.517 spec=1.000
  LEUVEN_2     n=34   f1=0.612 acc=0.441 spec=0.000
  MAX_MUN      n=52   f1=0.000 acc=0.538 spec=1.000
  NYU          n=175  f1=0.000 acc=0.571 spec=1.000
  OHSU         n=26   f1=0.632 acc=0.462 spec=0.000
  OLIN         n=34   f1=0.717 acc=0.559 spec=0.000
  PITT         n=56   f1=0.682 acc=0.518 spec=0.000
  SBL          n=30   f1=0.667 acc=0.500 spec=0.000
  SDSU         n=36   f1=0.000 acc=0.611 spec=1.000
  STANFORD     n=39   f1=0.655 acc=0.487 spec=0.000
  TRINITY      n=47   f1=0.638 acc=0.468 spec=0.000
  UCLA_1       n=72   f1=0.000 acc=0.431 spec=1.000
  UCLA_2       n=26   f1=0.000 acc=0.500 spec=1.000
  UM_1         n=106  f1=0.000 acc=0.500 spec=1.000
  UM_2         n=34   f1=0.000 acc=0.618 spec=1.000
  USM          n=71   f1=0.000 acc=0.352 spec=1.000
  YALE         n=56   f1=0.000 acc=0.500 spec=1.000

ablation: quantum topology + GCN (isolates the attention mechanism)

==============================================================================
LEAVE-SITE-OUT RESULTS (mean +- 95% CI across site folds)
==============================================================================
model                                     F1        accuracy     specificity
----------------------------------------------------------------------------
Proposed (quantum + GAT)         0.230+-0.141     0.506+-0.028     0.650+-0.214
Ablation (quantum + GCN)         0.160+-0.125     0.500+-0.028     0.750+-0.195

over-smoothing diagnostic (MAD, higher = more distinct): 0.144

saved: results/20260815-115501Z_sweep/q16_mixed/abide_lso_results.json
