re-uploading study (Plan C) -> results/planC/mdd
2428 subjects | 1300 ASD / 1128 control | 25 sites
nodes=200  features=8  T range=90-240  mean explained variance=92.7%
quantum trainable parameters: Q-Plain=62  Q-Reup1=66  Q-Reup2=68

  S1           n=148  Q-Plain=0.527  Q-Reup1=0.520  Q-Reup2=0.514  C-CNN=0.486  C-MLP=0.534  C-Linear=0.500
  S10          n=83   Q-Plain=0.542  Q-Reup1=0.542  Q-Reup2=0.554  C-CNN=0.494  C-MLP=0.506  C-Linear=0.578
  S11          n=61   Q-Plain=0.492  Q-Reup1=0.492  Q-Reup2=0.475  C-CNN=0.525  C-MLP=0.475  C-Linear=0.541
  S12          n=38   Q-Plain=0.658  Q-Reup1=0.579  Q-Reup2=0.447  C-CNN=0.421  C-MLP=0.526  C-Linear=0.395
  S13          n=42   Q-Plain=0.357  Q-Reup1=0.405  Q-Reup2=0.357  C-CNN=0.476  C-MLP=0.357  C-Linear=0.333
  S14          n=96   Q-Plain=0.583  Q-Reup1=0.656  Q-Reup2=0.615  C-CNN=0.552  C-MLP=0.604  C-Linear=0.594
  S15          n=100  Q-Plain=0.560  Q-Reup1=0.500  Q-Reup2=0.510  C-CNN=0.580  C-MLP=0.590  C-Linear=0.520
  S16          n=62   Q-Plain=0.484  Q-Reup1=0.548  Q-Reup2=0.484  C-CNN=0.516  C-MLP=0.516  C-Linear=0.597
  S17          n=91   Q-Plain=0.495  Q-Reup1=0.538  Q-Reup2=0.560  C-CNN=0.462  C-MLP=0.505  C-Linear=0.560
  S18          n=41   Q-Plain=0.512  Q-Reup1=0.439  Q-Reup2=0.415  C-CNN=0.439  C-MLP=0.439  C-Linear=0.463
  S19          n=87   Q-Plain=0.736  Q-Reup1=0.805  Q-Reup2=0.747  C-CNN=0.747  C-MLP=0.713  C-Linear=0.701
  S2           n=60   Q-Plain=0.550  Q-Reup1=0.550  Q-Reup2=0.567  C-CNN=0.500  C-MLP=0.550  C-Linear=0.517
  S20          n=533  Q-Plain=0.527  Q-Reup1=0.542  Q-Reup2=0.555  C-CNN=0.523  C-MLP=0.518  C-Linear=0.544
  S21          n=156  Q-Plain=0.571  Q-Reup1=0.558  Q-Reup2=0.583  C-CNN=0.545  C-MLP=0.481  C-Linear=0.551
  S22          n=50   Q-Plain=0.680  Q-Reup1=0.660  Q-Reup2=0.780  C-CNN=0.720  C-MLP=0.660  C-Linear=0.640
  S23          n=62   Q-Plain=0.500  Q-Reup1=0.516  Q-Reup2=0.500  C-CNN=0.532  C-MLP=0.500  C-Linear=0.484
  S24          n=63   Q-Plain=0.508  Q-Reup1=0.429  Q-Reup2=0.444  C-CNN=0.460  C-MLP=0.460  C-Linear=0.444
  S25          n=152  Q-Plain=0.539  Q-Reup1=0.553  Q-Reup2=0.507  C-CNN=0.533  C-MLP=0.599  C-Linear=0.612
  S3           n=64   Q-Plain=0.344  Q-Reup1=0.406  Q-Reup2=0.375  C-CNN=0.406  C-MLP=0.375  C-Linear=0.391
  S4           n=48   Q-Plain=0.583  Q-Reup1=0.521  Q-Reup2=0.625  C-CNN=0.562  C-MLP=0.583  C-Linear=0.604
  S5           n=24   Q-Plain=0.500  Q-Reup1=0.458  Q-Reup2=0.542  C-CNN=0.625  C-MLP=0.542  C-Linear=0.583
  S6           n=30   Q-Plain=0.467  Q-Reup1=0.500  Q-Reup2=0.467  C-CNN=0.600  C-MLP=0.600  C-Linear=0.467
  S7           n=87   Q-Plain=0.540  Q-Reup1=0.483  Q-Reup2=0.552  C-CNN=0.494  C-MLP=0.483  C-Linear=0.506
  S8           n=150  Q-Plain=0.533  Q-Reup1=0.547  Q-Reup2=0.520  C-CNN=0.520  C-MLP=0.520  C-Linear=0.560
  S9           n=100  Q-Plain=0.590  Q-Reup1=0.550  Q-Reup2=0.590  C-CNN=0.590  C-MLP=0.530  C-Linear=0.630

======================================================================================
PLAN C — data re-uploading at 8 qubits, depths [1, 2]
======================================================================================
model           train       accuracy             F1            AUC      gap  sec/fold
-------------------------------------------------------------------------------------
Q-Plain         0.588    0.535+-0.033    0.521+-0.052    0.570+-0.043   +0.053      26.2
Q-Reup1         0.593    0.532+-0.033    0.512+-0.053    0.563+-0.043   +0.061      26.9
Q-Reup2         0.594    0.531+-0.038    0.513+-0.058    0.564+-0.049   +0.062      27.3
C-CNN           0.581    0.532+-0.032    0.469+-0.060    0.582+-0.041   +0.048       8.8
C-MLP           0.607    0.527+-0.031    0.478+-0.052    0.549+-0.041   +0.081       0.3
C-Linear        0.577    0.533+-0.034    0.529+-0.046    0.561+-0.037   +0.044       0.2

Q-Reup1 vs Q-Plain: median dAcc = +0.000, wins 11/25, p = 0.7951
Q-Reup2 vs Q-Plain: median dAcc = +0.000, wins 12/25, p = 0.8227
Q-Reup2 vs C-CNN: median dAcc = +0.000, wins 11/25, p = 0.8583
Q-Reup2 vs C-MLP: median dAcc = +0.000, wins 11/25, p = 0.5732
Q-Reup2 vs C-Linear: median dAcc = +0.000, wins 12/25, p = 0.9870

saved: results/planC/mdd/reupload_results.json
