==============================================================================
ABIDE connectome study: quantum-adaptive graph vs classical baselines
==============================================================================
104 subjects | 26 ASD / 78 control | 6 sites
nodes=200  features=16  T range=77-261  mean explained variance=78.8%

encoding 104 subjects x 200 regions (16 qubits, 48 circuit parameters, backend=torch)
  encoded 50/104 subjects
  encoded 100/104 subjects
  encoded 104/104 subjects
encoding took 76.7s
cached -> results/adhd200_encoded.pt
quantum graph: 200 nodes, avg degree 20.0

------------------------------------------------------------------------------
classical baselines
------------------------------------------------------------------------------
correlation feature vectors: (104, 19900)

SVM (linear) on flattened correlation matrices:
  KKI          n=24   f1=0.615 acc=0.792
  NeuroIMAGE   n=14   f1=0.333 acc=0.429
  Peking_1     n=27   f1=0.000 acc=0.741

SVM (rbf) on flattened correlation matrices:
  KKI          n=24   f1=0.000 acc=0.583
  NeuroIMAGE   n=14   f1=0.000 acc=0.429
  Peking_1     n=27   f1=0.250 acc=0.778

GCN + Pearson:
  KKI          n=24   f1=0.182 acc=0.625
  NeuroIMAGE   n=14   f1=0.364 acc=0.500
  Peking_1     n=27   f1=0.286 acc=0.630

GCN + RBF:
  KKI          n=24   f1=0.267 acc=0.542
  NeuroIMAGE   n=14   f1=0.429 acc=0.429
  Peking_1     n=27   f1=0.000 acc=0.704

------------------------------------------------------------------------------
proposed: quantum fidelity topology + adaptive edges + GAT
------------------------------------------------------------------------------
  KKI          n=24   f1=0.333 acc=0.333 spec=0.250
  skipping site NYU: 6 subjects, 2 classes
  NeuroIMAGE   n=14   f1=0.000 acc=0.500 spec=1.000
  skipping site OHSU: 14 subjects, 1 classes
  Peking_1     n=27   f1=0.000 acc=0.741 spec=1.000
  skipping site Pittsburgh: 19 subjects, 1 classes

ablation: quantum topology + GCN (isolates the attention mechanism)

==============================================================================
LEAVE-SITE-OUT RESULTS (mean +- 95% CI across site folds)
==============================================================================
model                                     F1        accuracy     specificity
----------------------------------------------------------------------------
SVM (linear)                     0.316+-0.349     0.654+-0.222     0.836+-0.262
SVM (rbf)                        0.083+-0.163     0.597+-0.198     0.911+-0.088
GCN + Pearson                    0.277+-0.103     0.585+-0.083     0.780+-0.095
GCN + RBF                        0.232+-0.245     0.558+-0.156     0.689+-0.295
Proposed (quantum + GAT)         0.111+-0.218     0.525+-0.232     0.750+-0.490
Ablation (quantum + GCN)         0.000+-0.000     0.586+-0.094     0.933+-0.131

over-smoothing diagnostic (MAD, higher = more distinct): 0.380

saved: results/adhd200/abide_lso_results.json
