ensemble study (Plan B) -> results/planB/REST-meta-MDD
4 blocks x 8 features = 32 total

2428 subjects | 1300 ASD / 1128 control | 25 sites
nodes=200  features=8  T range=90-240  mean explained variance=92.7%
  S1           n=148  Q-Ensemble=0.493  C-Ensemble=0.520  C-Single=0.507
  S10          n=83   Q-Ensemble=0.470  C-Ensemble=0.494  C-Single=0.518
  S11          n=61   Q-Ensemble=0.574  C-Ensemble=0.508  C-Single=0.508
  S12          n=38   Q-Ensemble=0.553  C-Ensemble=0.658  C-Single=0.632
  S13          n=42   Q-Ensemble=0.476  C-Ensemble=0.405  C-Single=0.571
  S14          n=96   Q-Ensemble=0.656  C-Ensemble=0.583  C-Single=0.698
  S15          n=100  Q-Ensemble=0.500  C-Ensemble=0.510  C-Single=0.460
  S16          n=62   Q-Ensemble=0.484  C-Ensemble=0.597  C-Single=0.516
  S17          n=91   Q-Ensemble=0.495  C-Ensemble=0.505  C-Single=0.516
  S18          n=41   Q-Ensemble=0.341  C-Ensemble=0.463  C-Single=0.439
  S19          n=87   Q-Ensemble=0.747  C-Ensemble=0.724  C-Single=0.678
  S2           n=60   Q-Ensemble=0.667  C-Ensemble=0.567  C-Single=0.500
  S20          n=533  Q-Ensemble=0.533  C-Ensemble=0.527  C-Single=0.523
  S21          n=156  Q-Ensemble=0.571  C-Ensemble=0.577  C-Single=0.583
  S22          n=50   Q-Ensemble=0.700  C-Ensemble=0.560  C-Single=0.640
  S23          n=62   Q-Ensemble=0.484  C-Ensemble=0.548  C-Single=0.597
  S24          n=63   Q-Ensemble=0.397  C-Ensemble=0.508  C-Single=0.508
  S25          n=152  Q-Ensemble=0.612  C-Ensemble=0.592  C-Single=0.605
  S3           n=64   Q-Ensemble=0.375  C-Ensemble=0.469  C-Single=0.469
  S4           n=48   Q-Ensemble=0.646  C-Ensemble=0.708  C-Single=0.729
  S5           n=24   Q-Ensemble=0.667  C-Ensemble=0.542  C-Single=0.750
  S6           n=30   Q-Ensemble=0.500  C-Ensemble=0.533  C-Single=0.600
  S7           n=87   Q-Ensemble=0.529  C-Ensemble=0.494  C-Single=0.552
  S8           n=150  Q-Ensemble=0.540  C-Ensemble=0.493  C-Single=0.467
  S9           n=100  Q-Ensemble=0.510  C-Ensemble=0.460  C-Single=0.540

==============================================================================
PLAN B — 4 disjoint blocks of 8 features
==============================================================================
model                accuracy             F1            AUC  sec/fold
---------------------------------------------------------------------
Q-Ensemble        0.541+-0.039    0.556+-0.050    0.559+-0.050     100.7
C-Ensemble        0.542+-0.029    0.537+-0.044    0.577+-0.038       0.6
C-Single          0.564+-0.034    0.567+-0.044    0.596+-0.039       0.3

mean learned block weight (strongest features first): 0.246  0.236  0.233  0.284

Q-Ensemble vs C-Ensemble: median dAcc = -0.006, wins 12/25, p = 0.9789
Q-Ensemble vs C-Single: median dAcc = -0.030, wins 8/25, p = 0.0551

saved: results/planB/REST-meta-MDD/ensemble_results.json
